WARNING: The directory '/home/oai/.cache/pip' or its parent directory is not owned or is not writable by the current user. The cache has been disabled. Check the permissions and owner of that directory. If executing pip with sudo, you should use sudo's -H flag.
Obtaining file:///mnt/data/pal-budget-review/repo
  Checking if build backend supports build_editable: started
  Checking if build backend supports build_editable: finished with status 'done'
ERROR: Exception:
Traceback (most recent call last):
  File "/mnt/data/pal-budget-review/repo/.venv/lib/python3.13/site-packages/pip/_internal/cli/base_command.py", line 105, in _run_wrapper
    status = _inner_run()
  File "/mnt/data/pal-budget-review/repo/.venv/lib/python3.13/site-packages/pip/_internal/cli/base_command.py", line 96, in _inner_run
    return self.run(options, args)
           ~~~~~~~~^^^^^^^^^^^^^^^
  File "/mnt/data/pal-budget-review/repo/.venv/lib/python3.13/site-packages/pip/_internal/cli/req_command.py", line 68, in wrapper
    return func(self, options, args)
  File "/mnt/data/pal-budget-review/repo/.venv/lib/python3.13/site-packages/pip/_internal/commands/install.py", line 387, in run
    requirement_set = resolver.resolve(
        reqs, check_supported_wheels=not options.target_dir
    )
  File "/mnt/data/pal-budget-review/repo/.venv/lib/python3.13/site-packages/pip/_internal/resolution/resolvelib/resolver.py", line 77, in resolve
    collected = self.factory.collect_root_requirements(root_reqs)
  File "/mnt/data/pal-budget-review/repo/.venv/lib/python3.13/site-packages/pip/_internal/resolution/resolvelib/factory.py", line 545, in collect_root_requirements
    reqs = list(
        self._make_requirements_from_install_req(
    ...<2 lines>...
        )
    )
  File "/mnt/data/pal-budget-review/repo/.venv/lib/python3.13/site-packages/pip/_internal/resolution/resolvelib/factory.py", line 501, in _make_requirements_from_install_req
    cand = self._make_base_candidate_from_link(
        ireq.link,
    ...<2 lines>...
        version=None,
    )
  File "/mnt/data/pal-budget-review/repo/.venv/lib/python3.13/site-packages/pip/_internal/resolution/resolvelib/factory.py", line 212, in _make_base_candidate_from_link
    self._editable_candidate_cache[link] = EditableCandidate(
                                           ~~~~~~~~~~~~~~~~~^
        link,
        ^^^^^
    ...<3 lines>...
        version=version,
        ^^^^^^^^^^^^^^^^
    )
    ^
  File "/mnt/data/pal-budget-review/repo/.venv/lib/python3.13/site-packages/pip/_internal/resolution/resolvelib/candidates.py", line 331, in __init__
    super().__init__(
    ~~~~~~~~~~~~~~~~^
        link=link,
        ^^^^^^^^^^
    ...<4 lines>...
        version=version,
        ^^^^^^^^^^^^^^^^
    )
    ^
  File "/mnt/data/pal-budget-review/repo/.venv/lib/python3.13/site-packages/pip/_internal/resolution/resolvelib/candidates.py", line 159, in __init__
    self.dist = self._prepare()
                ~~~~~~~~~~~~~^^
  File "/mnt/data/pal-budget-review/repo/.venv/lib/python3.13/site-packages/pip/_internal/resolution/resolvelib/candidates.py", line 236, in _prepare
    dist = self._prepare_distribution()
  File "/mnt/data/pal-budget-review/repo/.venv/lib/python3.13/site-packages/pip/_internal/resolution/resolvelib/candidates.py", line 341, in _prepare_distribution
    return self._factory.preparer.prepare_editable_requirement(self._ireq)
           ~~~~~~~~~~~~~~~~~~~~~~~~~~~~~~~~~~~~~~~~~~~~~~~~~~~^^^^^^^^^^^^
  File "/mnt/data/pal-budget-review/repo/.venv/lib/python3.13/site-packages/pip/_internal/operations/prepare.py", line 703, in prepare_editable_requirement
    dist = _get_prepared_distribution(
        req,
    ...<3 lines>...
        self.check_build_deps,
    )
  File "/mnt/data/pal-budget-review/repo/.venv/lib/python3.13/site-packages/pip/_internal/operations/prepare.py", line 71, in _get_prepared_distribution
    abstract_dist.prepare_distribution_metadata(
    ~~~~~~~~~~~~~~~~~~~~~~~~~~~~~~~~~~~~~~~~~~~^
        finder, build_isolation, check_build_deps
        ^^^^^^^^^^^^^^^^^^^^^^^^^^^^^^^^^^^^^^^^^
    )
    ^
  File "/mnt/data/pal-budget-review/repo/.venv/lib/python3.13/site-packages/pip/_internal/distributions/sdist.py", line 69, in prepare_distribution_metadata
    self.req.prepare_metadata()
    ~~~~~~~~~~~~~~~~~~~~~~~~~^^
  File "/mnt/data/pal-budget-review/repo/.venv/lib/python3.13/site-packages/pip/_internal/req/req_install.py", line 567, in prepare_metadata
    and self.supports_pyproject_editable
        ^^^^^^^^^^^^^^^^^^^^^^^^^^^^^^^^
  File "/usr/lib/python3.13/functools.py", line 1026, in __get__
    val = self.func(instance)
  File "/mnt/data/pal-budget-review/repo/.venv/lib/python3.13/site-packages/pip/_internal/req/req_install.py", line 258, in supports_pyproject_editable
    return "build_editable" in self.pep517_backend._supported_features()
                               ~~~~~~~~~~~~~~~~~~~~~~~~~~~~~~~~~~~~~~~^^
  File "/mnt/data/pal-budget-review/repo/.venv/lib/python3.13/site-packages/pip/_vendor/pyproject_hooks/_impl.py", line 180, in _supported_features
    return self._call_hook("_supported_features", {})
           ~~~~~~~~~~~~~~~^^^^^^^^^^^^^^^^^^^^^^^^^^^
  File "/mnt/data/pal-budget-review/repo/.venv/lib/python3.13/site-packages/pip/_vendor/pyproject_hooks/_impl.py", line 402, in _call_hook
    raise BackendUnavailable(
    ...<4 lines>...
    )
pip._vendor.pyproject_hooks._impl.BackendUnavailable: Cannot import 'setuptools.build_meta'
