Local verification: full
Repository: /mnt/data/wp04-next/source
Real Supabase smoke is disabled; database integration is not verified.

[editable installation]
PASS: editable installation

[module help]
PASS: module help

[module report discovery]
PASS: module report discovery

[console help]
PASS: console help

[console report discovery]
PASS: console report discovery

[compile source, tests and scripts]
PASS: compile source, tests and scripts

[full pytest]
........................................................................ [  0%]
........................................................................ [  0%]
........................................................................ [  0%]
........................................................................ [  0%]
........................................................................ [  0%]
........................................................................ [  1%]
........................................................................ [  1%]
........................................................................ [  1%]
........................................................................ [  1%]
........................................................................ [  1%]
........................................................................ [  2%]
........................................................................ [  2%]
........................................................................ [  2%]
........................................................................ [  2%]
........................................................................ [  2%]
........................................................................ [  3%]
........................................................................ [  3%]
........................................................................ [  3%]
........................................................................ [  3%]
........................................................................ [  3%]
........................................................................ [  3%]
........................................................................ [  4%]
........................................................................ [  4%]
........................................................................ [  4%]
........................................................................ [  4%]
........................................................................ [  4%]
........................................................................ [  5%]
........................................................................ [  5%]
........................................................................ [  5%]
........................................................................ [  5%]
........................................................................ [  5%]
........................................................................ [  6%]
........................................................................ [  6%]
........................................................................ [  6%]
........................................................................ [  6%]
........................................................................ [  6%]
........................................................................ [  6%]
........................................................................ [  7%]
........................................................................ [  7%]
........................................................................ [  7%]
........................................................................ [  7%]
........................................................................ [  7%]
........................................................................ [  8%]
........................................................................ [  8%]
........................................................................ [  8%]
........................................................................ [  8%]
........................................................................ [  8%]
........................................................................ [  9%]
........................................................................ [  9%]
........................................................................ [  9%]
........................................................................ [  9%]
........................................................................ [  9%]
........................................................................ [  9%]
........................................................................ [ 10%]
........................................................................ [ 10%]
........................................................................ [ 10%]
........................................................................ [ 10%]
......................................ssssssssssssssssss................ [ 10%]
........s............................................................... [ 11%]
........................................................................ [ 11%]
........................................................................ [ 11%]
........................................................................ [ 11%]
........................................................................ [ 11%]
........................................................................ [ 12%]
........................................................................ [ 12%]
........................................................................ [ 12%]
........................................................................ [ 12%]
........................................................................ [ 12%]
........................................................................ [ 12%]
........................................................................ [ 13%]
........................................................................ [ 13%]
........................................................................ [ 13%]
........................................................................ [ 13%]
........................................................................ [ 13%]
........................................................................ [ 14%]
........................................................................ [ 14%]
........................................................................ [ 14%]
........................................................................ [ 14%]
........................................................................ [ 14%]
........................................................................ [ 15%]
........................................................................ [ 15%]
........................................................................ [ 15%]
........................................................................ [ 15%]
........................................................................ [ 15%]
........................................................................ [ 15%]
........................................................................ [ 16%]
........................................................................ [ 16%]
........................................................................ [ 16%]
........................................................................ [ 16%]
........................................................................ [ 16%]
........................................................................ [ 17%]
........................................................................ [ 17%]
........................................................................ [ 17%]
........................................................................ [ 17%]
........................................................................ [ 17%]
........................................................................ [ 18%]
........................................................................ [ 18%]
........................................................................ [ 18%]
........................................................................ [ 18%]
........................................................................ [ 18%]
........................................................................ [ 18%]
........................................................................ [ 19%]
........................................................................ [ 19%]
........................................................................ [ 19%]
........................................................................ [ 19%]
........................................................................ [ 19%]
........................................................................ [ 20%]
........................................................................ [ 20%]
........................................................................ [ 20%]
........................................................................ [ 20%]
........................................................................ [ 20%]
........................................................................ [ 21%]
........................................................................ [ 21%]
........................................................................ [ 21%]
........................................................................ [ 21%]
........................................................................ [ 21%]
........................................................................ [ 21%]
........................................................................ [ 22%]
........................................................................ [ 22%]
........................................................................ [ 22%]
........................................................................ [ 22%]
........................................................................ [ 22%]
........................................................................ [ 23%]
........................................................................ [ 23%]
........................................................................ [ 23%]
........................................................................ [ 23%]
........................................................................ [ 23%]
........................................................................ [ 24%]
........................................................................ [ 24%]
........................................................................ [ 24%]
........................................................................ [ 24%]
........................................................................ [ 24%]
........................................................................ [ 24%]
........................................................................ [ 25%]
........................................................................ [ 25%]
........................................................................ [ 25%]
........................................................................ [ 25%]
........................................................................ [ 25%]
........................................................................ [ 26%]
........................................................................ [ 26%]
........................................................................ [ 26%]
........................................................................ [ 26%]
........................................................................ [ 26%]
........................................................................ [ 27%]
........................................................................ [ 27%]
........................................................................ [ 27%]
........................................................................ [ 27%]
........................................................................ [ 27%]
........................................................................ [ 27%]
........................................................................ [ 28%]
........................................................................ [ 28%]
........................................................................ [ 28%]
........................................................................ [ 28%]
........................................................................ [ 28%]
........................................................................ [ 29%]
........................................................................ [ 29%]
........................................................................ [ 29%]
........................................................................ [ 29%]
........................................................................ [ 29%]
........................................................................ [ 30%]
........................................................................ [ 30%]
........................................................................ [ 30%]
........................................................................ [ 30%]
........................................................................ [ 30%]
........................................................................ [ 30%]
........s............................................................... [ 31%]
........................................................................ [ 31%]
........................................................................ [ 31%]
........................................................................ [ 31%]
........................................................................ [ 31%]
........................................................................ [ 32%]
........................................................................ [ 32%]
........................................................................ [ 32%]
........................................................................ [ 32%]
........................................................................ [ 32%]
........................................................................ [ 33%]
........................................................................ [ 33%]
........................................................................ [ 33%]
........................................................................ [ 33%]
........................................................................ [ 33%]
........................................................................ [ 33%]
........................................................................ [ 34%]
........................................................................ [ 34%]
........................................................................ [ 34%]
........................................................................ [ 34%]
........................................................................ [ 34%]
........................................................................ [ 35%]
........................................................................ [ 35%]
........................................................................ [ 35%]
........................................................................ [ 35%]
........................................................................ [ 35%]
........................................................................ [ 36%]
........................................................................ [ 36%]
........................................................................ [ 36%]
........................................................................ [ 36%]
........................................................................ [ 36%]
........................................................................ [ 36%]
........................................................................ [ 37%]
........................................................................ [ 37%]
........................................................................ [ 37%]
........................................................................ [ 37%]
........................................................................ [ 37%]
........................................................................ [ 38%]
........................................................................ [ 38%]
........................................................................ [ 38%]
........................................................................ [ 38%]
........................................................................ [ 38%]
........................................................................ [ 39%]
........................................................................ [ 39%]
........................................................................ [ 39%]
........................................................................ [ 39%]
........................................................................ [ 39%]
...........................................................ss........... [ 39%]
................................sssss................................... [ 40%]
......................ss........s............ssss....................... [ 40%]
..........................sssss......................................... [ 40%]
........................................................................ [ 40%]
........................................................................ [ 40%]
........................................................................ [ 41%]
........................................................................ [ 41%]
........................................................................ [ 41%]
........................................................................ [ 41%]
........................................................................ [ 41%]
........................................................................ [ 42%]
........................................................................ [ 42%]
........................................................................ [ 42%]
........................................................................ [ 42%]
........................................................................ [ 42%]
.....................s.................................................. [ 42%]
........................................................................ [ 43%]
........................................................................ [ 43%]
........................................................................ [ 43%]
........................................................................ [ 43%]
........................................................................ [ 43%]
........................................................................ [ 44%]
........................................................................ [ 44%]
........................................................................ [ 44%]
........................................................................ [ 44%]
........................................................................ [ 44%]
........................................................................ [ 45%]
........................................................................ [ 45%]
........................................................................ [ 45%]
........................................................................ [ 45%]
........................................................................ [ 45%]
........................................................................ [ 45%]
........................................................................ [ 46%]
........................................................................ [ 46%]
........................................................................ [ 46%]
........................................................................ [ 46%]
........................................................................ [ 46%]
........................................................................ [ 47%]
........................................................................ [ 47%]
........................................................................ [ 47%]
........................................................................ [ 47%]
........................................................................ [ 47%]
........................................................................ [ 48%]
........................................................................ [ 48%]
........................................................................ [ 48%]
........................................................................ [ 48%]
........................................................................ [ 48%]
........................s............................................... [ 48%]
........................................................................ [ 49%]
........................................................................ [ 49%]
........................................................................ [ 49%]
........................................................................ [ 49%]
........................................................................ [ 49%]
........................................................................ [ 50%]
........................................................................ [ 50%]
........................................................................ [ 50%]
........................................................................ [ 50%]
........................................................................ [ 50%]
........................................................................ [ 51%]
........................................................................ [ 51%]
........................................................................ [ 51%]
........................................................................ [ 51%]
........................................................................ [ 51%]
........................................................................ [ 51%]
........................................................................ [ 52%]
........................................................................ [ 52%]
........................................................................ [ 52%]
........................................................................ [ 52%]
........................................................................ [ 52%]
........................................................................ [ 53%]
........................................................................ [ 53%]
........................................................................ [ 53%]
........................................................................ [ 53%]
........................................................................ [ 53%]
........................................................................ [ 54%]
........................................................................ [ 54%]
........................................................................ [ 54%]
........................................................................ [ 54%]
........................................................................ [ 54%]
........................................................................ [ 55%]
........................................................................ [ 55%]
........................................................................ [ 55%]
........................................................................ [ 55%]
........................................................................ [ 55%]
........................................................................ [ 55%]
........................................................................ [ 56%]
........................................................................ [ 56%]
........................................................................ [ 56%]
........................................................................ [ 56%]
........................................................................ [ 56%]
........................................................................ [ 57%]
........................................................................ [ 57%]
........................................................................ [ 57%]
........................................................................ [ 57%]
........................................................................ [ 57%]
........................................................................ [ 58%]
........................................................................ [ 58%]
........................................................................ [ 58%]
........................................................................ [ 58%]
........................................................................ [ 58%]
........................................................................ [ 58%]
........................................................................ [ 59%]
........................................................................ [ 59%]
........................................................................ [ 59%]
........................................................................ [ 59%]
........................................................................ [ 59%]
........................................................................ [ 60%]
........................................................................ [ 60%]
........................................................................ [ 60%]
........................................................................ [ 60%]
........................................................................ [ 60%]
........................................................................ [ 61%]
........................................................................ [ 61%]
........................................................................ [ 61%]
........................................................................ [ 61%]
........................................................................ [ 61%]
........................................................................ [ 61%]
........................................................................ [ 62%]
........................................................................ [ 62%]
........................................................................ [ 62%]
........................................................................ [ 62%]
........................................................................ [ 62%]
........................................................................ [ 63%]
........................................................................ [ 63%]
........................................................................ [ 63%]
........................................................................ [ 63%]
........................................................................ [ 63%]
........................................................................ [ 64%]
........................................................................ [ 64%]
........................................................................ [ 64%]
........................................................................ [ 64%]
........................................................................ [ 64%]
........................................................................ [ 64%]
........................................................................ [ 65%]
........................................................................ [ 65%]
........................................................................ [ 65%]
........................................................................ [ 65%]
........................................................................ [ 65%]
........................................................................ [ 66%]
........................................................................ [ 66%]
........................................................................ [ 66%]
........................................................................ [ 66%]
........................................................................ [ 66%]
........................................................................ [ 67%]
........................................................................ [ 67%]
........................................................................ [ 67%]
........................................................................ [ 67%]
........................................................................ [ 67%]
........................................................................ [ 67%]
........................................................................ [ 68%]
........................................................................ [ 68%]
........................................................................ [ 68%]
........................................................................ [ 68%]
........................................................................ [ 68%]
........................................................................ [ 69%]
........................................................................ [ 69%]
........................................................................ [ 69%]
........................................................................ [ 69%]
........................................................................ [ 69%]
........................................................................ [ 70%]
........................................................................ [ 70%]
........................................................................ [ 70%]
........................................................................ [ 70%]
........................................................................ [ 70%]
........................................................................ [ 70%]
........................................................................ [ 71%]
........................................................................ [ 71%]
........................................................................ [ 71%]
........................................................................ [ 71%]
........................................................................ [ 71%]
........................................................................ [ 72%]
........................................................................ [ 72%]
........................................................................ [ 72%]
........................................................................ [ 72%]
........................................................................ [ 72%]
........................................................................ [ 73%]
........................................................................ [ 73%]
........................................................................ [ 73%]
........................................................................ [ 73%]
........................................................................ [ 73%]
........................................................................ [ 73%]
........................................................................ [ 74%]
........................................................................ [ 74%]
........................................................................ [ 74%]
........................................................................ [ 74%]
........................................................................ [ 74%]
........................................................................ [ 75%]
........................................................................ [ 75%]
........................................................................ [ 75%]
........................................................................ [ 75%]
........................................................................ [ 75%]
........................................................................ [ 76%]
........................................................................ [ 76%]
........................................................................ [ 76%]
........................................................................ [ 76%]
........................................................................ [ 76%]
........................................................................ [ 76%]
........................................................................ [ 77%]
........................................................................ [ 77%]
........................................................................ [ 77%]
........................................................................ [ 77%]
........................................................................ [ 77%]
........................................................................ [ 78%]
........................................................................ [ 78%]
........................................................................ [ 78%]
........................................................................ [ 78%]
........................................................................ [ 78%]
........................................................................ [ 79%]
........................................................................ [ 79%]
........................................................................ [ 79%]
........................................................................ [ 79%]
........................................................................ [ 79%]
........................................................................ [ 79%]
........................................................................ [ 80%]
........................................................................ [ 80%]
........................................................................ [ 80%]
........................................................................ [ 80%]
........................................................................ [ 80%]
........................................................................ [ 81%]
........................................................................ [ 81%]
........................................................................ [ 81%]
........................................................................ [ 81%]
........................................................................ [ 81%]
........................................................................ [ 82%]
........................................................................ [ 82%]
........................................................................ [ 82%]
........................................................................ [ 82%]
........................................................................ [ 82%]
........................................................................ [ 82%]
........................................................................ [ 83%]
........................................................................ [ 83%]
........................................................................ [ 83%]
........................................................................ [ 83%]
........................................................................ [ 83%]
........................................................................ [ 84%]
........................................................................ [ 84%]
........................................................................ [ 84%]
........................................................................ [ 84%]
........................................................................ [ 84%]
........................................................................ [ 85%]
........................................................................ [ 85%]
........................................................................ [ 85%]
........................................................................ [ 85%]
........................................................................ [ 85%]
........................................................................ [ 85%]
........................................................................ [ 86%]
........................................................................ [ 86%]
........................................................................ [ 86%]
........................................................................ [ 86%]
........................................................................ [ 86%]
........................................................................ [ 87%]
........................................................................ [ 87%]
........................................................................ [ 87%]
........................................................................ [ 87%]
........................................................................ [ 87%]
........................................................................ [ 88%]
........................................................................ [ 88%]
........................................................................ [ 88%]
........................................................................ [ 88%]
........................................................................ [ 88%]
........................................................................ [ 88%]
........................................................................ [ 89%]
........................................................................ [ 89%]
........................................................................ [ 89%]
........................................................................ [ 89%]
........................................................................ [ 89%]
........................................................................ [ 90%]
........................................................................ [ 90%]
........................................................................ [ 90%]
........................................................................ [ 90%]
........................................................................ [ 90%]
........................................................................ [ 91%]
........................................................................ [ 91%]
........................................................................ [ 91%]
........................................................................ [ 91%]
........................................................................ [ 91%]
........................................................................ [ 91%]
........................................................................ [ 92%]
........................................................................ [ 92%]
........................................................................ [ 92%]
........................................................................ [ 92%]
........................................................................ [ 92%]
........................................................................ [ 93%]
........................................................................ [ 93%]
........................................................................ [ 93%]
.................s...................................................... [ 93%]
........................................................................ [ 93%]
........................................................................ [ 94%]
........................................................................ [ 94%]
........................................................................ [ 94%]
........................................................................ [ 94%]
........................................................................ [ 94%]
........................................................................ [ 94%]
........................................................................ [ 95%]
........................................................................ [ 95%]
........................................................................ [ 95%]
........................................................................ [ 95%]
........................................................................ [ 95%]
........................................................................ [ 96%]
........................................................................ [ 96%]
........................................................................ [ 96%]
........................................................................ [ 96%]
........................................................................ [ 96%]
........................................................................ [ 97%]
........................................................................ [ 97%]
........................................................................ [ 97%]
........................................................................ [ 97%]
........................................................................ [ 97%]
........................................................................ [ 97%]
........................................................................ [ 98%]
........................................................................ [ 98%]
........................................................................ [ 98%]
........................................................................ [ 98%]
........................................................................ [ 98%]
........................................................................ [ 99%]
........................................................................ [ 99%]
........................................................................ [ 99%]
........................................................................ [ 99%]
........................................................................ [ 99%]
....................................................                     [100%]
=========================== short test summary info ============================
SKIPPED [16] tests/test_handoff_download.py:36: real Windows PowerShell 5.1 / PowerShell 7 integration
SKIPPED [2] tests/test_handoff_download.py:122: real Windows PowerShell 5.1 / PowerShell 7 integration
SKIPPED [1] tests/test_handoff_process_probe_windows.py:12: real PS5 timeout evidence requires Windows
SKIPPED [1] tests/test_paper_recommendation_cycle_snapshot_supabase_smoke.py:82: set POLYMARKET_ALPHA_LAB_RUN_SUPABASE_SMOKE=1 to run local Supabase smoke
SKIPPED [1] tests/test_project_postgres_backup_native.py:28: explicit private native backup proof is opt-in
SKIPPED [1] tests/test_project_postgres_backup_native.py:131: explicit private native backup proof is opt-in
SKIPPED [1] tests/test_project_postgres_budget_native.py:61: explicit native budget reservation proof is opt-in
SKIPPED [1] tests/test_project_postgres_confirmation_native.py:45: explicit native original-forecast confirmation proof is opt-in
SKIPPED [1] tests/test_project_postgres_crypto_launch_native.py:33: explicit native crypto launch proof is opt-in
SKIPPED [1] tests/test_project_postgres_dispatch_cli_native.py:68: explicit native operator CLI proof is opt-in
SKIPPED [1] tests/test_project_postgres_dispatch_native.py:62: explicit native durable dispatch proof is opt-in
SKIPPED [1] tests/test_project_postgres_distribution_native.py:178: explicit native Windows distribution acceptance is opt-in
SKIPPED [1] tests/test_project_postgres_inventory_native.py:30: explicit native execution inventory proof is opt-in
SKIPPED [1] tests/test_project_postgres_native.py:67: explicit native PostgreSQL runtime proof is opt-in
SKIPPED [1] tests/test_project_postgres_paper_capture_native.py:39: explicit native prospective paper capture proof is opt-in
SKIPPED [1] tests/test_project_postgres_paper_native.py:37: explicit native research-to-paper proof is opt-in
SKIPPED [1] tests/test_project_postgres_paper_operator_native.py:27: explicit native paper operator proof is opt-in
SKIPPED [1] tests/test_project_postgres_paper_settlement_native.py:44: explicit native settled-paper proof is opt-in
SKIPPED [2] tests/test_project_postgres_publication_native.py:39: explicit Windows native publication proof is opt-in
SKIPPED [1] tests/test_project_postgres_resolution_native.py:31: explicit native PostgreSQL resolution proof is opt-in
SKIPPED [1] tests/test_project_postgres_resolution_queue_native.py:30: explicit native resolution worklist proof is opt-in
SKIPPED [1] tests/test_project_postgres_rotation_native.py:47: explicit native durable rotation proof is opt-in
SKIPPED [1] tests/test_research_capture_disposable.py:34: set POLYMARKET_ALPHA_LAB_RUN_RESEARCH_CAPTURE_DISPOSABLE_DB=1 for the dedicated local Postgres proof
SKIPPED [1] tests/test_research_execution_disposable.py:27: set POLYMARKET_ALPHA_LAB_RUN_RESEARCH_EXECUTION_DISPOSABLE_DB=1 for isolated execution proof
SKIPPED [1] tests/test_team_evidence_aggregation_attempt_disposable.py:62: set POLYMARKET_ALPHA_LAB_RUN_TEAM_EVIDENCE_AGGREGATION_DISPOSABLE_DB=1 to run the authorized disposable proof
38314 passed, 42 skipped in 340.17s (0:05:40)
PASS: full pytest

PASS: full local verification
