......F.......                                                           [100%]
=================================== FAILURES ===================================
__ test_short_confirmation_sink_is_byte_exact_under_windows_text_translation ___

monkeypatch = <_pytest.monkeypatch.MonkeyPatch object at 0x7f00b2ac0250>
tmp_path = PosixPath('/tmp/pytest-of-root/pytest-2/test_short_confirmation_sink_i0')

    def test_short_confirmation_sink_is_byte_exact_under_windows_text_translation(monkeypatch, tmp_path):
        """Model Windows text newlines without pretending to run Windows here."""
        import io
        import json
        import runpy
    
        root = tmp_path / 'kit'
        package = root / 'src/polymarket_alpha_lab'
        package.mkdir(parents=True)
        (package / '__init__.py').write_bytes(b'')
        class WindowsOutput:
            def __init__(self): self.buffer = io.BytesIO()
            def write(self, text):
                self.buffer.write(text.replace('\n', '\r\n').encode('utf-8'))
                return len(text)
            def flush(self): self.buffer.flush()
        output = WindowsOutput()
        body = json.dumps(dict(operation='confirm_crypto_resolution',
                               status='recorded_operator_confirmation'), indent=2) + '\n'
        def execute(script, *, run_name):
            assert Path(script) == root / 'scripts/review_resolution_queue.py'
            assert run_name == '__main__'
            assert sys.stdout.write(body) == 10
            raise SystemExit(1)
        with monkeypatch.context() as patch:
            patch.setattr(sys, 'stdout', output)
            patch.setattr(sys, 'argv', ['fixture', str(root)])
            patch.setattr(sys, 'path', list(sys.path))
            patch.setattr(runpy, 'run_path', execute)
            with pytest.raises(SystemExit) as exit:
                exec(flow._CONFIRM_SHORT_OUTPUT, {})
            assert exit.value.code == 1
>       assert output.buffer.getvalue() == b'{\n  "opera'
E       assert b'{\r\n  "opera' == b'{\n  "opera'
E         
E         At index 1 diff: b'\r' != b'\n'
E         
E         Full diff:
E         - (b'{\n  "opera')
E         + (b'{\r\n  "opera')
E         ?      ++

tests/test_packaged_research_flow_review.py:86: AssertionError
=========================== short test summary info ============================
FAILED tests/test_packaged_research_flow_review.py::test_short_confirmation_sink_is_byte_exact_under_windows_text_translation - assert b'{\r\n  "opera' == b'{\n  "opera'
  
  At index 1 diff: b'\r' != b'\n'
  
  Full diff:
  - (b'{\n  "opera')
  + (b'{\r\n  "opera')
  ?      ++
1 failed, 13 passed in 0.68s
